
Merging program properties

Removed property 0xc0000002 to merge bio.o (0x3) and entry.o (not found)
Removed property 0xc0000002 to merge bio.o (not found) and console.o (0x3)
Removed property 0xc0000002 to merge bio.o (not found) and exec.o (0x3)
Removed property 0xc0000002 to merge bio.o (not found) and file.o (0x3)
Removed property 0xc0000002 to merge bio.o (not found) and fs.o (0x3)
Removed property 0xc0000002 to merge bio.o (not found) and ide.o (0x3)
Removed property 0xc0000002 to merge bio.o (not found) and ioapic.o (0x3)
Removed property 0xc0000002 to merge bio.o (not found) and kalloc.o (0x3)
Removed property 0xc0000002 to merge bio.o (not found) and kbd.o (0x3)
Removed property 0xc0000002 to merge bio.o (not found) and lapic.o (0x3)
Removed property 0xc0000002 to merge bio.o (not found) and log.o (0x3)
Removed property 0xc0000002 to merge bio.o (not found) and main.o (0x3)
Removed property 0xc0000002 to merge bio.o (not found) and mp.o (0x3)
Removed property 0xc0000002 to merge bio.o (not found) and picirq.o (0x3)
Removed property 0xc0000002 to merge bio.o (not found) and pipe.o (0x3)
Removed property 0xc0000002 to merge bio.o (not found) and proc.o (0x3)
Removed property 0xc0000002 to merge bio.o (not found) and sleeplock.o (0x3)
Removed property 0xc0000002 to merge bio.o (not found) and spinlock.o (0x3)
Removed property 0xc0000002 to merge bio.o (not found) and string.o (0x3)
Removed property 0xc0000002 to merge bio.o (not found) and syscall.o (0x3)
Removed property 0xc0000002 to merge bio.o (not found) and sysfile.o (0x3)
Removed property 0xc0000002 to merge bio.o (not found) and sysproc.o (0x3)
Removed property 0xc0000002 to merge bio.o (not found) and trap.o (0x3)
Removed property 0xc0000002 to merge bio.o (not found) and uart.o (0x3)
Removed property 0xc0000002 to merge bio.o (not found) and vm.o (0x3)

Allocating common symbols
Common symbol       size              file

log                 0xc4              log.o
kmem                0x3c              kalloc.o
ioapicid            0x1               mp.o
ioapic              0x4               ioapic.o
bcache              0x4958            bio.o
input               0x8c              console.o
stack               0x1000            entry.o
kpgdir              0x4               vm.o
tickslock           0x34              trap.o
ftable              0x994             file.o
cpus                0x580             mp.o
sb                  0x1c              fs.o
lapic               0x4               lapic.o
idt                 0x800             trap.o
ncpu                0x4               mp.o
ticks               0x4               trap.o
ptable              0x2034            proc.o
devsw               0x50              file.o
icache              0x1c54            fs.o

Discarded input sections

 .note.GNU-stack
                0x0000000000000000        0x0 bio.o
 .note.gnu.property
                0x0000000000000000       0x1c bio.o
 .eh_frame      0x0000000000000000       0xd0 bio.o
 .note.GNU-stack
                0x0000000000000000        0x0 console.o
 .note.gnu.property
                0x0000000000000000       0x1c console.o
 .eh_frame      0x0000000000000000      0x190 console.o
 .note.GNU-stack
                0x0000000000000000        0x0 exec.o
 .note.gnu.property
                0x0000000000000000       0x1c exec.o
 .eh_frame      0x0000000000000000       0x48 exec.o
 .note.GNU-stack
                0x0000000000000000        0x0 file.o
 .note.gnu.property
                0x0000000000000000       0x1c file.o
 .eh_frame      0x0000000000000000      0x194 file.o
 .note.GNU-stack
                0x0000000000000000        0x0 fs.o
 .note.gnu.property
                0x0000000000000000       0x1c fs.o
 .eh_frame      0x0000000000000000      0x420 fs.o
 .note.GNU-stack
                0x0000000000000000        0x0 ide.o
 .note.gnu.property
                0x0000000000000000       0x1c ide.o
 .eh_frame      0x0000000000000000       0xcc ide.o
 .note.GNU-stack
                0x0000000000000000        0x0 ioapic.o
 .note.gnu.property
                0x0000000000000000       0x1c ioapic.o
 .eh_frame      0x0000000000000000       0x60 ioapic.o
 .note.GNU-stack
                0x0000000000000000        0x0 kalloc.o
 .note.gnu.property
                0x0000000000000000       0x1c kalloc.o
 .eh_frame      0x0000000000000000       0xe4 kalloc.o
 .note.GNU-stack
                0x0000000000000000        0x0 kbd.o
 .note.gnu.property
                0x0000000000000000       0x1c kbd.o
 .eh_frame      0x0000000000000000       0x7c kbd.o
 .note.GNU-stack
                0x0000000000000000        0x0 lapic.o
 .note.gnu.property
                0x0000000000000000       0x1c lapic.o
 .eh_frame      0x0000000000000000       0xbc lapic.o
 .note.GNU-stack
                0x0000000000000000        0x0 log.o
 .note.gnu.property
                0x0000000000000000       0x1c log.o
 .eh_frame      0x0000000000000000      0x118 log.o
 .note.GNU-stack
                0x0000000000000000        0x0 main.o
 .note.gnu.property
                0x0000000000000000       0x1c main.o
 .eh_frame      0x0000000000000000       0x78 main.o
 .note.GNU-stack
                0x0000000000000000        0x0 mp.o
 .note.gnu.property
                0x0000000000000000       0x1c mp.o
 .eh_frame      0x0000000000000000       0x84 mp.o
 .note.GNU-stack
                0x0000000000000000        0x0 picirq.o
 .note.gnu.property
                0x0000000000000000       0x1c picirq.o
 .eh_frame      0x0000000000000000       0x2c picirq.o
 .note.GNU-stack
                0x0000000000000000        0x0 pipe.o
 .note.gnu.property
                0x0000000000000000       0x1c pipe.o
 .eh_frame      0x0000000000000000       0xf8 pipe.o
 .note.GNU-stack
                0x0000000000000000        0x0 proc.o
 .note.gnu.property
                0x0000000000000000       0x1c proc.o
 .eh_frame      0x0000000000000000      0x308 proc.o
 .note.GNU-stack
                0x0000000000000000        0x0 sleeplock.o
 .note.gnu.property
                0x0000000000000000       0x1c sleeplock.o
 .eh_frame      0x0000000000000000       0xbc sleeplock.o
 .note.GNU-stack
                0x0000000000000000        0x0 spinlock.o
 .note.gnu.property
                0x0000000000000000       0x1c spinlock.o
 .eh_frame      0x0000000000000000      0x150 spinlock.o
 .note.GNU-stack
                0x0000000000000000        0x0 string.o
 .note.gnu.property
                0x0000000000000000       0x1c string.o
 .eh_frame      0x0000000000000000      0x174 string.o
 .note.GNU-stack
                0x0000000000000000        0x0 syscall.o
 .note.gnu.property
                0x0000000000000000       0x1c syscall.o
 .eh_frame      0x0000000000000000      0x144 syscall.o
 .note.GNU-stack
                0x0000000000000000        0x0 sysfile.o
 .note.gnu.property
                0x0000000000000000       0x1c sysfile.o
 .eh_frame      0x0000000000000000      0x2e8 sysfile.o
 .note.GNU-stack
                0x0000000000000000        0x0 sysproc.o
 .note.gnu.property
                0x0000000000000000       0x1c sysproc.o
 .eh_frame      0x0000000000000000      0x174 sysproc.o
 .note.GNU-stack
                0x0000000000000000        0x0 trap.o
 .note.gnu.property
                0x0000000000000000       0x1c trap.o
 .eh_frame      0x0000000000000000       0x98 trap.o
 .note.GNU-stack
                0x0000000000000000        0x0 uart.o
 .note.gnu.property
                0x0000000000000000       0x1c uart.o
 .eh_frame      0x0000000000000000       0xd0 uart.o
 .note.GNU-stack
                0x0000000000000000        0x0 vm.o
 .note.gnu.property
                0x0000000000000000       0x1c vm.o
 .eh_frame      0x0000000000000000      0x3cc vm.o

Memory Configuration

Name             Origin             Length             Attributes
*default*        0x0000000000000000 0xffffffffffffffff

Linker script and memory map

                0x0000000080100000                . = 0x80100000

.text           0x0000000080100000     0x73ec load address 0x0000000000100000
 *(.text .stub .text.* .gnu.linkonce.t.*)
 .text          0x0000000080100000       0x34 entry.o
                0x0000000080100000                multiboot_header
                0x000000008010000c                entry
                0x000000010010000c                _start
 *fill*         0x0000000080100034        0xc 
 .text          0x0000000080100040      0x242 bio.o
                0x0000000080100040                binit
                0x00000000801000d0                bread
                0x00000000801001b0                bwrite
                0x00000000801001f0                brelse
 *fill*         0x0000000080100282        0xe 
 .text          0x0000000080100290      0x7e7 console.o
                0x0000000080100290                consoleread
                0x0000000080100390                panic
                0x0000000080100640                consolewrite
                0x00000000801006b0                cprintf
                0x0000000080100860                consoleintr
                0x0000000080100a30                consoleinit
 *fill*         0x0000000080100a77        0x9 
 .text          0x0000000080100a80      0x369 exec.o
                0x0000000080100a80                exec
 *fill*         0x0000000080100de9        0x7 
 .text          0x0000000080100df0      0x3c3 file.o
                0x0000000080100df0                fileinit
                0x0000000080100e10                filealloc
                0x0000000080100e80                filedup
                0x0000000080100ed0                fileclose
                0x0000000080100fb0                filestat
                0x0000000080101000                fileread
                0x00000000801010a0                filewrite
 *fill*         0x00000000801011b3        0xd 
 .text          0x00000000801011c0      0xeb8 fs.o
                0x0000000080101510                readsb
                0x0000000080101550                iinit
                0x00000000801015f0                ialloc
                0x00000000801016b0                iupdate
                0x0000000080101740                idup
                0x0000000080101770                ilock
                0x0000000080101850                iunlock
                0x00000000801018a0                iput
                0x0000000080101a10                iunlockput
                0x0000000080101a40                stati
                0x0000000080101a70                readi
                0x0000000080101b70                writei
                0x0000000080101ca0                namecmp
                0x0000000080101cc0                dirlookup
                0x0000000080101f80                dirlink
                0x0000000080102040                namei
                0x0000000080102060                nameiparent
 *fill*         0x0000000080102078        0x8 
 .text          0x0000000080102080      0x30e ide.o
                0x0000000080102160                ideinit
                0x00000000801021f0                ideintr
                0x0000000080102290                iderw
 *fill*         0x000000008010238e        0x2 
 .text          0x0000000080102390       0xe7 ioapic.o
                0x0000000080102390                ioapicinit
                0x0000000080102440                ioapicenable
 *fill*         0x0000000080102477        0x9 
 .text          0x0000000080102480      0x22e kalloc.o
                0x0000000080102480                kfree
                0x0000000080102520                freerange
                0x0000000080102570                kinit1
                0x00000000801025e0                kinit2
                0x0000000080102640                kalloc
 *fill*         0x00000000801026ae        0x2 
 .text          0x00000000801026b0       0xf9 kbd.o
                0x00000000801026b0                kbdgetc
                0x0000000080102790                kbdintr
 *fill*         0x00000000801027a9        0x7 
 .text          0x00000000801027b0      0x3e2 lapic.o
                0x00000000801027b0                lapicinit
                0x00000000801028b0                lapicid
                0x00000000801028d0                lapiceoi
                0x00000000801028f0                microdelay
                0x0000000080102900                lapicstartap
                0x00000000801029a0                cmostime
 *fill*         0x0000000080102b92        0xe 
 .text          0x0000000080102ba0      0x448 log.o
                0x0000000080102ca0                initlog
                0x0000000080102d40                begin_op
                0x0000000080102db0                end_op
                0x0000000080102f20                log_write
 *fill*         0x0000000080102fe8        0x8 
 .text          0x0000000080102ff0       0x5e main.o
 *fill*         0x000000008010304e        0x2 
 .text.startup  0x0000000080103050      0x12c main.o
                0x0000000080103050                main
 *fill*         0x000000008010317c        0x4 
 .text          0x0000000080103180      0x25a mp.o
                0x0000000080103200                mpinit
 *fill*         0x00000000801033da        0x6 
 .text          0x00000000801033e0       0x16 picirq.o
                0x00000000801033e0                picinit
 *fill*         0x00000000801033f6        0xa 
 .text          0x0000000080103400      0x39b pipe.o
                0x0000000080103400                pipealloc
                0x0000000080103510                pipeclose
                0x00000000801035b0                pipewrite
                0x00000000801036b0                piperead
 *fill*         0x000000008010379b        0x5 
 .text          0x00000000801037a0      0xb18 proc.o
                0x0000000080103870                forkret
                0x00000000801038c0                pinit
                0x00000000801038e0                mycpu
                0x0000000080103950                cpuid
                0x0000000080103970                myproc
                0x00000000801039a0                userinit
                0x0000000080103aa0                growproc
                0x0000000080103b20                fork
                0x0000000080103c50                scheduler
                0x0000000080103cf0                sched
                0x0000000080103db0                exit
                0x0000000080103ef0                yield
                0x0000000080103f40                sleep
                0x0000000080104000                wait
                0x0000000080104100                wakeup
                0x0000000080104160                kill
                0x00000000801041f0                procdump
 *fill*         0x00000000801042b8        0x8 
 .text          0x00000000801042c0      0x135 sleeplock.o
                0x00000000801042c0                initsleeplock
                0x0000000080104300                acquiresleep
                0x0000000080104360                releasesleep
                0x00000000801043a0                holdingsleep
 *fill*         0x00000000801043f5        0xb 
 .text          0x0000000080104400      0x28a spinlock.o
                0x0000000080104400                initlock
                0x0000000080104420                getcallerpcs
                0x0000000080104480                pushcli
                0x00000000801044d0                popcli
                0x0000000080104530                holding
                0x0000000080104580                acquire
                0x0000000080104640                release
 *fill*         0x000000008010468a        0x6 
 .text          0x0000000080104690      0x223 string.o
                0x0000000080104690                memset
                0x00000000801046e0                memcmp
                0x0000000080104730                memmove
                0x0000000080104790                memcpy
                0x00000000801047a0                strncmp
                0x00000000801047f0                strncpy
                0x0000000080104850                safestrcpy
                0x0000000080104890                strlen
 .text          0x00000000801048b3       0x15 swtch.o
                0x00000000801048b3                swtch
 *fill*         0x00000000801048c8        0x8 
 .text          0x00000000801048d0      0x264 syscall.o
                0x00000000801048d0                fetchint
                0x0000000080104920                fetchstr
                0x0000000080104980                argint
                0x00000000801049b0                argptr
                0x0000000080104a20                argptr_void
                0x0000000080104a90                argstr
                0x0000000080104ad0                syscall
 *fill*         0x0000000080104b34        0xc 
 .text          0x0000000080104b40      0xbe9 sysfile.o
                0x0000000080104d30                sys_dup
                0x0000000080104da0                sys_read
                0x0000000080104e10                sys_write
                0x0000000080104e80                sys_close
                0x0000000080104ed0                sys_fstat
                0x0000000080104f20                sys_link
                0x0000000080105070                sys_unlink
                0x0000000080105250                sys_open
                0x0000000080105390                sys_mkdir
                0x0000000080105400                sys_mknod
                0x00000000801054a0                sys_chdir
                0x0000000080105550                sys_exec
                0x0000000080105650                sys_pipe
 *fill*         0x0000000080105729        0x7 
 .text          0x0000000080105730      0x2c0 sysproc.o
                0x0000000080105730                sys_fork
                0x0000000080105740                sys_exit
                0x0000000080105760                sys_wait
                0x0000000080105770                sys_kill
                0x00000000801057b0                sys_getpid
                0x00000000801057d0                sys_sbrk
                0x0000000080105820                sys_sleep
                0x00000000801058d0                sys_uptime
                0x0000000080105900                sys_mprotect
                0x00000000801059a0                sys_munprotect
 .text          0x00000000801059f0       0x23 trapasm.o
                0x00000000801059f0                alltraps
                0x0000000080105a08                trapret
 *fill*         0x0000000080105a13        0xd 
 .text          0x0000000080105a20      0x2ff trap.o
                0x0000000080105a20                tvinit
                0x0000000080105aa0                idtinit
                0x0000000080105ad0                trap
 *fill*         0x0000000080105d1f        0x1 
 .text          0x0000000080105d20      0x189 uart.o
                0x0000000080105da0                uartinit
                0x0000000080105e60                uartputc
                0x0000000080105e90                uartintr
 .text          0x0000000080105ea9      0xa72 vectors.o
                0x0000000080105ea9                vector0
                0x0000000080105eb2                vector1
                0x0000000080105ebb                vector2
                0x0000000080105ec4                vector3
                0x0000000080105ecd                vector4
                0x0000000080105ed6                vector5
                0x0000000080105edf                vector6
                0x0000000080105ee8                vector7
                0x0000000080105ef1                vector8
                0x0000000080105ef8                vector9
                0x0000000080105f01                vector10
                0x0000000080105f08                vector11
                0x0000000080105f0f                vector12
                0x0000000080105f16                vector13
                0x0000000080105f1d                vector14
                0x0000000080105f24                vector15
                0x0000000080105f2d                vector16
                0x0000000080105f36                vector17
                0x0000000080105f3d                vector18
                0x0000000080105f46                vector19
                0x0000000080105f4f                vector20
                0x0000000080105f58                vector21
                0x0000000080105f61                vector22
                0x0000000080105f6a                vector23
                0x0000000080105f73                vector24
                0x0000000080105f7c                vector25
                0x0000000080105f85                vector26
                0x0000000080105f8e                vector27
                0x0000000080105f97                vector28
                0x0000000080105fa0                vector29
                0x0000000080105fa9                vector30
                0x0000000080105fb2                vector31
                0x0000000080105fbb                vector32
                0x0000000080105fc4                vector33
                0x0000000080105fcd                vector34
                0x0000000080105fd6                vector35
                0x0000000080105fdf                vector36
                0x0000000080105fe8                vector37
                0x0000000080105ff1                vector38
                0x0000000080105ffa                vector39
                0x0000000080106003                vector40
                0x000000008010600c                vector41
                0x0000000080106015                vector42
                0x000000008010601e                vector43
                0x0000000080106027                vector44
                0x0000000080106030                vector45
                0x0000000080106039                vector46
                0x0000000080106042                vector47
                0x000000008010604b                vector48
                0x0000000080106054                vector49
                0x000000008010605d                vector50
                0x0000000080106066                vector51
                0x000000008010606f                vector52
                0x0000000080106078                vector53
                0x0000000080106081                vector54
                0x000000008010608a                vector55
                0x0000000080106093                vector56
                0x000000008010609c                vector57
                0x00000000801060a5                vector58
                0x00000000801060ae                vector59
                0x00000000801060b7                vector60
                0x00000000801060c0                vector61
                0x00000000801060c9                vector62
                0x00000000801060d2                vector63
                0x00000000801060db                vector64
                0x00000000801060e4                vector65
                0x00000000801060ed                vector66
                0x00000000801060f6                vector67
                0x00000000801060ff                vector68
                0x0000000080106108                vector69
                0x0000000080106111                vector70
                0x000000008010611a                vector71
                0x0000000080106123                vector72
                0x000000008010612c                vector73
                0x0000000080106135                vector74
                0x000000008010613e                vector75
                0x0000000080106147                vector76
                0x0000000080106150                vector77
                0x0000000080106159                vector78
                0x0000000080106162                vector79
                0x000000008010616b                vector80
                0x0000000080106174                vector81
                0x000000008010617d                vector82
                0x0000000080106186                vector83
                0x000000008010618f                vector84
                0x0000000080106198                vector85
                0x00000000801061a1                vector86
                0x00000000801061aa                vector87
                0x00000000801061b3                vector88
                0x00000000801061bc                vector89
                0x00000000801061c5                vector90
                0x00000000801061ce                vector91
                0x00000000801061d7                vector92
                0x00000000801061e0                vector93
                0x00000000801061e9                vector94
                0x00000000801061f2                vector95
                0x00000000801061fb                vector96
                0x0000000080106204                vector97
                0x000000008010620d                vector98
                0x0000000080106216                vector99
                0x000000008010621f                vector100
                0x0000000080106228                vector101
                0x0000000080106231                vector102
                0x000000008010623a                vector103
                0x0000000080106243                vector104
                0x000000008010624c                vector105
                0x0000000080106255                vector106
                0x000000008010625e                vector107
                0x0000000080106267                vector108
                0x0000000080106270                vector109
                0x0000000080106279                vector110
                0x0000000080106282                vector111
                0x000000008010628b                vector112
                0x0000000080106294                vector113
                0x000000008010629d                vector114
                0x00000000801062a6                vector115
                0x00000000801062af                vector116
                0x00000000801062b8                vector117
                0x00000000801062c1                vector118
                0x00000000801062ca                vector119
                0x00000000801062d3                vector120
                0x00000000801062dc                vector121
                0x00000000801062e5                vector122
                0x00000000801062ee                vector123
                0x00000000801062f7                vector124
                0x0000000080106300                vector125
                0x0000000080106309                vector126
                0x0000000080106312                vector127
                0x000000008010631b                vector128
                0x0000000080106327                vector129
                0x0000000080106333                vector130
                0x000000008010633f                vector131
                0x000000008010634b                vector132
                0x0000000080106357                vector133
                0x0000000080106363                vector134
                0x000000008010636f                vector135
                0x000000008010637b                vector136
                0x0000000080106387                vector137
                0x0000000080106393                vector138
                0x000000008010639f                vector139
                0x00000000801063ab                vector140
                0x00000000801063b7                vector141
                0x00000000801063c3                vector142
                0x00000000801063cf                vector143
                0x00000000801063db                vector144
                0x00000000801063e7                vector145
                0x00000000801063f3                vector146
                0x00000000801063ff                vector147
                0x000000008010640b                vector148
                0x0000000080106417                vector149
                0x0000000080106423                vector150
                0x000000008010642f                vector151
                0x000000008010643b                vector152
                0x0000000080106447                vector153
                0x0000000080106453                vector154
                0x000000008010645f                vector155
                0x000000008010646b                vector156
                0x0000000080106477                vector157
                0x0000000080106483                vector158
                0x000000008010648f                vector159
                0x000000008010649b                vector160
                0x00000000801064a7                vector161
                0x00000000801064b3                vector162
                0x00000000801064bf                vector163
                0x00000000801064cb                vector164
                0x00000000801064d7                vector165
                0x00000000801064e3                vector166
                0x00000000801064ef                vector167
                0x00000000801064fb                vector168
                0x0000000080106507                vector169
                0x0000000080106513                vector170
                0x000000008010651f                vector171
                0x000000008010652b                vector172
                0x0000000080106537                vector173
                0x0000000080106543                vector174
                0x000000008010654f                vector175
                0x000000008010655b                vector176
                0x0000000080106567                vector177
                0x0000000080106573                vector178
                0x000000008010657f                vector179
                0x000000008010658b                vector180
                0x0000000080106597                vector181
                0x00000000801065a3                vector182
                0x00000000801065af                vector183
                0x00000000801065bb                vector184
                0x00000000801065c7                vector185
                0x00000000801065d3                vector186
                0x00000000801065df                vector187
                0x00000000801065eb                vector188
                0x00000000801065f7                vector189
                0x0000000080106603                vector190
                0x000000008010660f                vector191
                0x000000008010661b                vector192
                0x0000000080106627                vector193
                0x0000000080106633                vector194
                0x000000008010663f                vector195
                0x000000008010664b                vector196
                0x0000000080106657                vector197
                0x0000000080106663                vector198
                0x000000008010666f                vector199
                0x000000008010667b                vector200
                0x0000000080106687                vector201
                0x0000000080106693                vector202
                0x000000008010669f                vector203
                0x00000000801066ab                vector204
                0x00000000801066b7                vector205
                0x00000000801066c3                vector206
                0x00000000801066cf                vector207
                0x00000000801066db                vector208
                0x00000000801066e7                vector209
                0x00000000801066f3                vector210
                0x00000000801066ff                vector211
                0x000000008010670b                vector212
                0x0000000080106717                vector213
                0x0000000080106723                vector214
                0x000000008010672f                vector215
                0x000000008010673b                vector216
                0x0000000080106747                vector217
                0x0000000080106753                vector218
                0x000000008010675f                vector219
                0x000000008010676b                vector220
                0x0000000080106777                vector221
                0x0000000080106783                vector222
                0x000000008010678f                vector223
                0x000000008010679b                vector224
                0x00000000801067a7                vector225
                0x00000000801067b3                vector226
                0x00000000801067bf                vector227
                0x00000000801067cb                vector228
                0x00000000801067d7                vector229
                0x00000000801067e3                vector230
                0x00000000801067ef                vector231
                0x00000000801067fb                vector232
                0x0000000080106807                vector233
                0x0000000080106813                vector234
                0x000000008010681f                vector235
                0x000000008010682b                vector236
                0x0000000080106837                vector237
                0x0000000080106843                vector238
                0x000000008010684f                vector239
                0x000000008010685b                vector240
                0x0000000080106867                vector241
                0x0000000080106873                vector242
                0x000000008010687f                vector243
                0x000000008010688b                vector244
                0x0000000080106897                vector245
                0x00000000801068a3                vector246
                0x00000000801068af                vector247
                0x00000000801068bb                vector248
                0x00000000801068c7                vector249
                0x00000000801068d3                vector250
                0x00000000801068df                vector251
                0x00000000801068eb                vector252
                0x00000000801068f7                vector253
                0x0000000080106903                vector254
                0x000000008010690f                vector255
 *fill*         0x000000008010691b        0x5 
 .text          0x0000000080106920      0xacc vm.o
                0x0000000080106ae0                seginit
                0x0000000080106b70                switchkvm
                0x0000000080106b90                switchuvm
                0x0000000080106ca0                inituvm
                0x0000000080106d20                loaduvm
                0x0000000080106df0                allocuvm
                0x0000000080106f20                deallocuvm
                0x0000000080106f50                freevm
                0x0000000080106fd0                setupkvm
                0x0000000080107050                kvmalloc
                0x0000000080107070                clearpteu
                0x00000000801070a0                copyuvm
                0x00000000801071a0                uva2ka
                0x00000000801071e0                copyout
                0x0000000080107270                mprotect
                0x0000000080107330                munprotect
                [!provide]                        PROVIDE (etext = .)

.iplt           0x00000000801073ec        0x0 load address 0x00000000001073ec
 .iplt          0x00000000801073ec        0x0 entry.o

.rodata         0x0000000080107400      0xa80 load address 0x0000000000107400
 *(.rodata .rodata.* .gnu.linkonce.r.*)
 .rodata.str1.1
                0x0000000080107400       0x2d bio.o
 .rodata.str1.1
                0x000000008010742d       0x43 console.o
                                         0x45 (size before relaxing)
 .rodata        0x0000000080107470       0x11 console.o
 .rodata.str1.1
                0x0000000080107481        0xc exec.o
 .rodata.str1.1
                0x000000008010748d       0x32 file.o
                                         0x3c (size before relaxing)
 .rodata.str1.1
                0x00000000801074bf       0xb6 fs.o
                                         0xbe (size before relaxing)
 *fill*         0x0000000080107575        0x3 
 .rodata.str1.4
                0x0000000080107578       0x53 fs.o
 .rodata.str1.1
                0x00000000801075cb       0x68 ide.o
 *fill*         0x0000000080107633        0x1 
 .rodata.str1.4
                0x0000000080107634       0x32 ioapic.o
 .rodata.str1.1
                0x0000000080107666        0xb kalloc.o
 *fill*         0x0000000080107671        0xf 
 .rodata        0x0000000080107680      0x220 kbd.o
 .rodata.str1.1
                0x00000000801078a0       0x44 log.o
 .rodata.str1.1
                0x00000000801078e4       0x14 main.o
 .rodata.str1.1
                0x00000000801078f8       0x22 mp.o
 *fill*         0x000000008010791a        0x2 
 .rodata.str1.4
                0x000000008010791c       0x1f mp.o
 .rodata.str1.1
                0x000000008010793b        0x5 pipe.o
 .rodata.str1.1
                0x0000000080107940       0xe2 proc.o
                                         0xe8 (size before relaxing)
 *fill*         0x0000000080107a22        0x2 
 .rodata.str1.4
                0x0000000080107a24       0x26 proc.o
 *fill*         0x0000000080107a4a        0x2 
 .rodata        0x0000000080107a4c       0x18 proc.o
 .rodata.str1.1
                0x0000000080107a64        0xb sleeplock.o
 .rodata.str1.1
                0x0000000080107a6f       0x2e spinlock.o
 .rodata.str1.1
                0x0000000080107a9d       0x1c syscall.o
 *fill*         0x0000000080107ab9        0x7 
 .rodata        0x0000000080107ac0       0x60 syscall.o
 .rodata.str1.1
                0x0000000080107b20       0x61 sysfile.o
                                         0x63 (size before relaxing)
 *fill*         0x0000000080107b81        0x3 
 .rodata.str1.4
                0x0000000080107b84       0x2e sysproc.o
 .rodata.str1.1
                0x0000000080107bb2       0x19 sysproc.o
 .rodata.str1.1
                0x0000000080107bcb        0xa trap.o
 *fill*         0x0000000080107bd5        0x3 
 .rodata.str1.4
                0x0000000080107bd8       0x9b trap.o
 *fill*         0x0000000080107c73        0x1 
 .rodata        0x0000000080107c74       0x80 trap.o
 .rodata.str1.1
                0x0000000080107cf4        0x8 uart.o
 .rodata.str1.1
                0x0000000080107cfc      0x118 vm.o
                                        0x11e (size before relaxing)
 .rodata.str1.4
                0x0000000080107e14       0x6c vm.o

.rel.dyn        0x0000000080107e80        0x0 load address 0x0000000000107e80
 .rel.got       0x0000000080107e80        0x0 entry.o
 .rel.iplt      0x0000000080107e80        0x0 entry.o
 .rel.text      0x0000000080107e80        0x0 entry.o
 .rel.text.startup
                0x0000000080107e80        0x0 entry.o
 .rel.data      0x0000000080107e80        0x0 entry.o

.stab           0x0000000080107e80        0x0
                [!provide]                        PROVIDE (__STAB_BEGIN__ = .)
 *(.stab)
                [!provide]                        PROVIDE (__STAB_END__ = .)

.stabstr        0x0000000080107e80        0x0
                [!provide]                        PROVIDE (__STABSTR_BEGIN__ = .)
 *(.stabstr)
                [!provide]                        PROVIDE (__STABSTR_END__ = .)
                0x0000000080108000                . = ALIGN (0x1000)
                0x0000000080108000                PROVIDE (data = .)

.data           0x0000000080108000     0x251a load address 0x0000000000108000
 *(.data)
 .data          0x0000000080108000        0x0 entry.o
 .data          0x0000000080108000        0x0 bio.o
 .data          0x0000000080108000        0x0 console.o
 .data          0x0000000080108000        0x0 exec.o
 .data          0x0000000080108000        0x0 file.o
 .data          0x0000000080108000        0x0 fs.o
 .data          0x0000000080108000        0x0 ide.o
 .data          0x0000000080108000        0x0 ioapic.o
 .data          0x0000000080108000        0x0 kalloc.o
 .data          0x0000000080108000      0x300 kbd.o
 .data          0x0000000080108300        0x0 lapic.o
 .data          0x0000000080108300        0x0 log.o
 *fill*         0x0000000080108300      0xd00 
 .data          0x0000000080109000     0x1000 main.o
                0x0000000080109000                entrypgdir
 .data          0x000000008010a000        0x0 mp.o
 .data          0x000000008010a000        0x0 picirq.o
 .data          0x000000008010a000        0x0 pipe.o
 .data          0x000000008010a000        0x8 proc.o
                0x000000008010a004                nextpid
 .data          0x000000008010a008        0x0 sleeplock.o
 .data          0x000000008010a008        0x0 spinlock.o
 .data          0x000000008010a008        0x0 string.o
 .data          0x000000008010a008        0x0 swtch.o
 .data          0x000000008010a008        0x0 syscall.o
 .data          0x000000008010a008        0x0 sysfile.o
 .data          0x000000008010a008        0x0 sysproc.o
 .data          0x000000008010a008        0x0 trapasm.o
 .data          0x000000008010a008        0x0 trap.o
 .data          0x000000008010a008        0x0 uart.o
 .data          0x000000008010a008      0x400 vectors.o
                0x000000008010a008                vectors
 *fill*         0x000000008010a408       0x18 
 .data          0x000000008010a420       0x40 vm.o
 .data          0x000000008010a460       0x30 initcode
                0x000000008010a460                _binary_initcode_start
                0x000000008010a490                _binary_initcode_end
 .data          0x000000008010a490       0x8a entryother
                0x000000008010a490                _binary_entryother_start
                0x000000008010a51a                _binary_entryother_end
                [!provide]                        PROVIDE (edata = .)

.got            0x000000008010a51c        0x0 load address 0x000000000010a51c
 .got           0x000000008010a51c        0x0 entry.o

.got.plt        0x000000008010a51c        0x0 load address 0x000000000010a51c
 .got.plt       0x000000008010a51c        0x0 entry.o

.igot.plt       0x000000008010a51c        0x0 load address 0x000000000010a51c
 .igot.plt      0x000000008010a51c        0x0 entry.o

.bss            0x000000008010a520     0xb088 load address 0x000000000010a520
 *(.bss)
 .bss           0x000000008010a520        0x0 entry.o
 .bss           0x000000008010a520        0x0 bio.o
 .bss           0x000000008010a520       0x3c console.o
 .bss           0x000000008010a55c        0x0 exec.o
 .bss           0x000000008010a55c        0x0 file.o
 .bss           0x000000008010a55c        0x0 fs.o
 *fill*         0x000000008010a55c        0x4 
 .bss           0x000000008010a560       0x54 ide.o
 .bss           0x000000008010a5b4        0x0 ioapic.o
 .bss           0x000000008010a5b4        0x0 kalloc.o
 .bss           0x000000008010a5b4        0x4 kbd.o
 .bss           0x000000008010a5b8        0x0 lapic.o
 .bss           0x000000008010a5b8        0x0 log.o
 .bss           0x000000008010a5b8        0x0 main.o
 .bss           0x000000008010a5b8        0x0 mp.o
 .bss           0x000000008010a5b8        0x0 picirq.o
 .bss           0x000000008010a5b8        0x0 pipe.o
 .bss           0x000000008010a5b8        0x4 proc.o
 .bss           0x000000008010a5bc        0x0 sleeplock.o
 .bss           0x000000008010a5bc        0x0 spinlock.o
 .bss           0x000000008010a5bc        0x0 string.o
 .bss           0x000000008010a5bc        0x0 swtch.o
 .bss           0x000000008010a5bc        0x0 syscall.o
 .bss           0x000000008010a5bc        0x0 sysfile.o
 .bss           0x000000008010a5bc        0x0 sysproc.o
 .bss           0x000000008010a5bc        0x0 trapasm.o
 .bss           0x000000008010a5bc        0x0 trap.o
 .bss           0x000000008010a5bc        0x4 uart.o
 .bss           0x000000008010a5c0        0x0 vectors.o
 .bss           0x000000008010a5c0        0x0 vm.o
 COMMON         0x000000008010a5c0     0x1000 entry.o
                0x000000008010a5c0                stack
 COMMON         0x000000008010b5c0     0x4958 bio.o
                0x000000008010b5c0                bcache
 *fill*         0x000000008010ff18        0x8 
 COMMON         0x000000008010ff20       0x8c console.o
                0x000000008010ff20                input
 *fill*         0x000000008010ffac       0x14 
 COMMON         0x000000008010ffc0      0x9f0 file.o
                0x000000008010ffc0                ftable
                0x0000000080110960                devsw
 *fill*         0x00000000801109b0       0x10 
 COMMON         0x00000000801109c0     0x1c74 fs.o
                0x00000000801109c0                sb
                0x00000000801109e0                icache
 COMMON         0x0000000080112634        0x4 ioapic.o
                0x0000000080112634                ioapic
 *fill*         0x0000000080112638        0x8 
 COMMON         0x0000000080112640       0x3c kalloc.o
                0x0000000080112640                kmem
 COMMON         0x000000008011267c        0x4 lapic.o
                0x000000008011267c                lapic
 COMMON         0x0000000080112680       0xc4 log.o
                0x0000000080112680                log
 *fill*         0x0000000080112744       0x1c 
 COMMON         0x0000000080112760      0x5a4 mp.o
                0x0000000080112760                ioapicid
                0x0000000080112780                cpus
                0x0000000080112d00                ncpu
 *fill*         0x0000000080112d04       0x1c 
 COMMON         0x0000000080112d20     0x2034 proc.o
                0x0000000080112d20                ptable
 *fill*         0x0000000080114d54        0xc 
 COMMON         0x0000000080114d60      0x844 trap.o
                0x0000000080114d60                tickslock
                0x0000000080114da0                idt
                0x00000000801155a0                ticks
 COMMON         0x00000000801155a4        0x4 vm.o
                0x00000000801155a4                kpgdir
                0x00000000801155a8                PROVIDE (end = .)

/DISCARD/
 *(.eh_frame .note.GNU-stack)
LOAD entry.o
LOAD bio.o
LOAD console.o
LOAD exec.o
LOAD file.o
LOAD fs.o
LOAD ide.o
LOAD ioapic.o
LOAD kalloc.o
LOAD kbd.o
LOAD lapic.o
LOAD log.o
LOAD main.o
LOAD mp.o
LOAD picirq.o
LOAD pipe.o
LOAD proc.o
LOAD sleeplock.o
LOAD spinlock.o
LOAD string.o
LOAD swtch.o
LOAD syscall.o
LOAD sysfile.o
LOAD sysproc.o
LOAD trapasm.o
LOAD trap.o
LOAD uart.o
LOAD vectors.o
LOAD vm.o
TARGET(binary)
LOAD initcode
LOAD entryother
OUTPUT(kernel elf32-i386)

.debug_line     0x0000000000000000     0x6f69
 .debug_line    0x0000000000000000       0x41 entry.o
 .debug_line    0x0000000000000041      0x286 bio.o
 .debug_line    0x00000000000002c7      0x8fd console.o
 .debug_line    0x0000000000000bc4      0x2e9 exec.o
 .debug_line    0x0000000000000ead      0x2e9 file.o
 .debug_line    0x0000000000001196      0xc4a fs.o
 .debug_line    0x0000000000001de0      0x435 ide.o
 .debug_line    0x0000000000002215      0x1d6 ioapic.o
 .debug_line    0x00000000000023eb      0x232 kalloc.o
 .debug_line    0x000000000000261d      0x18c kbd.o
 .debug_line    0x00000000000027a9      0x8ac lapic.o
 .debug_line    0x0000000000003055      0x415 log.o
 .debug_line    0x000000000000346a      0x152 main.o
 .debug_line    0x00000000000035bc      0x2c8 mp.o
 .debug_line    0x0000000000003884       0x72 picirq.o
 .debug_line    0x00000000000038f6      0x36d pipe.o
 .debug_line    0x0000000000003c63      0xae7 proc.o
 .debug_line    0x000000000000474a      0x164 sleeplock.o
 .debug_line    0x00000000000048ae      0x387 spinlock.o
 .debug_line    0x0000000000004c35      0x2cc string.o
 .debug_line    0x0000000000004f01       0x43 swtch.o
 .debug_line    0x0000000000004f44      0x2b3 syscall.o
 .debug_line    0x00000000000051f7      0x8f2 sysfile.o
 .debug_line    0x0000000000005ae9      0x201 sysproc.o
 .debug_line    0x0000000000005cea       0x48 trapasm.o
 .debug_line    0x0000000000005d32      0x2c3 trap.o
 .debug_line    0x0000000000005ff5      0x290 uart.o
 .debug_line    0x0000000000006285      0x32f vectors.o
 .debug_line    0x00000000000065b4      0x9b5 vm.o

.debug_info     0x0000000000000000    0x125fe
 .debug_info    0x0000000000000000       0x26 entry.o
 .debug_info    0x0000000000000026      0x473 bio.o
 .debug_info    0x0000000000000499     0x1488 console.o
 .debug_info    0x0000000000001921      0xb9f exec.o
 .debug_info    0x00000000000024c0      0x714 file.o
 .debug_info    0x0000000000002bd4     0x1bbf fs.o
 .debug_info    0x0000000000004793      0xf1d ide.o
 .debug_info    0x00000000000056b0      0x2e4 ioapic.o
 .debug_info    0x0000000000005994      0x3d3 kalloc.o
 .debug_info    0x0000000000005d67      0x266 kbd.o
 .debug_info    0x0000000000005fcd      0xf2b lapic.o
 .debug_info    0x0000000000006ef8      0x773 log.o
 .debug_info    0x000000000000766b      0xb04 main.o
 .debug_info    0x000000000000816f      0xda1 mp.o
 .debug_info    0x0000000000008f10       0xf0 picirq.o
 .debug_info    0x0000000000009000      0xb0f pipe.o
 .debug_info    0x0000000000009b0f     0x153a proc.o
 .debug_info    0x000000000000b049      0x92a sleeplock.o
 .debug_info    0x000000000000b973      0xb51 spinlock.o
 .debug_info    0x000000000000c4c4      0x45b string.o
 .debug_info    0x000000000000c91f       0x26 swtch.o
 .debug_info    0x000000000000c945      0xa32 syscall.o
 .debug_info    0x000000000000d377     0x1698 sysfile.o
 .debug_info    0x000000000000ea0f      0xa81 sysproc.o
 .debug_info    0x000000000000f490       0x26 trapasm.o
 .debug_info    0x000000000000f4b6      0xbe2 trap.o
 .debug_info    0x0000000000010098      0xdce uart.o
 .debug_info    0x0000000000010e66       0x26 vectors.o
 .debug_info    0x0000000000010e8c     0x1772 vm.o

.debug_abbrev   0x0000000000000000     0x3f78
 .debug_abbrev  0x0000000000000000       0x14 entry.o
 .debug_abbrev  0x0000000000000014      0x21e bio.o
 .debug_abbrev  0x0000000000000232      0x485 console.o
 .debug_abbrev  0x00000000000006b7      0x1b2 exec.o
 .debug_abbrev  0x0000000000000869      0x1e8 file.o
 .debug_abbrev  0x0000000000000a51      0x570 fs.o
 .debug_abbrev  0x0000000000000fc1      0x2d5 ide.o
 .debug_abbrev  0x0000000000001296      0x1dc ioapic.o
 .debug_abbrev  0x0000000000001472      0x232 kalloc.o
 .debug_abbrev  0x00000000000016a4      0x186 kbd.o
 .debug_abbrev  0x000000000000182a      0x282 lapic.o
 .debug_abbrev  0x0000000000001aac      0x243 log.o
 .debug_abbrev  0x0000000000001cef      0x24a main.o
 .debug_abbrev  0x0000000000001f39      0x2bc mp.o
 .debug_abbrev  0x00000000000021f5       0xa4 picirq.o
 .debug_abbrev  0x0000000000002299      0x222 pipe.o
 .debug_abbrev  0x00000000000024bb      0x43d proc.o
 .debug_abbrev  0x00000000000028f8      0x1be sleeplock.o
 .debug_abbrev  0x0000000000002ab6      0x2da spinlock.o
 .debug_abbrev  0x0000000000002d90      0x140 string.o
 .debug_abbrev  0x0000000000002ed0       0x14 swtch.o
 .debug_abbrev  0x0000000000002ee4      0x1fd syscall.o
 .debug_abbrev  0x00000000000030e1      0x344 sysfile.o
 .debug_abbrev  0x0000000000003425      0x18e sysproc.o
 .debug_abbrev  0x00000000000035b3       0x14 trapasm.o
 .debug_abbrev  0x00000000000035c7      0x24b trap.o
 .debug_abbrev  0x0000000000003812      0x2c2 uart.o
 .debug_abbrev  0x0000000000003ad4       0x14 vectors.o
 .debug_abbrev  0x0000000000003ae8      0x490 vm.o

.debug_aranges  0x0000000000000000      0x3a8
 .debug_aranges
                0x0000000000000000       0x20 entry.o
 .debug_aranges
                0x0000000000000020       0x20 bio.o
 .debug_aranges
                0x0000000000000040       0x20 console.o
 .debug_aranges
                0x0000000000000060       0x20 exec.o
 .debug_aranges
                0x0000000000000080       0x20 file.o
 .debug_aranges
                0x00000000000000a0       0x20 fs.o
 .debug_aranges
                0x00000000000000c0       0x20 ide.o
 .debug_aranges
                0x00000000000000e0       0x20 ioapic.o
 .debug_aranges
                0x0000000000000100       0x20 kalloc.o
 .debug_aranges
                0x0000000000000120       0x20 kbd.o
 .debug_aranges
                0x0000000000000140       0x20 lapic.o
 .debug_aranges
                0x0000000000000160       0x20 log.o
 .debug_aranges
                0x0000000000000180       0x28 main.o
 .debug_aranges
                0x00000000000001a8       0x20 mp.o
 .debug_aranges
                0x00000000000001c8       0x20 picirq.o
 .debug_aranges
                0x00000000000001e8       0x20 pipe.o
 .debug_aranges
                0x0000000000000208       0x20 proc.o
 .debug_aranges
                0x0000000000000228       0x20 sleeplock.o
 .debug_aranges
                0x0000000000000248       0x20 spinlock.o
 .debug_aranges
                0x0000000000000268       0x20 string.o
 .debug_aranges
                0x0000000000000288       0x20 swtch.o
 .debug_aranges
                0x00000000000002a8       0x20 syscall.o
 .debug_aranges
                0x00000000000002c8       0x20 sysfile.o
 .debug_aranges
                0x00000000000002e8       0x20 sysproc.o
 .debug_aranges
                0x0000000000000308       0x20 trapasm.o
 .debug_aranges
                0x0000000000000328       0x20 trap.o
 .debug_aranges
                0x0000000000000348       0x20 uart.o
 .debug_aranges
                0x0000000000000368       0x20 vectors.o
 .debug_aranges
                0x0000000000000388       0x20 vm.o

.debug_str      0x0000000000000000      0xee2
 .debug_str     0x0000000000000000       0x32 entry.o
 .debug_str     0x0000000000000032      0x1e4 bio.o
                                        0x239 (size before relaxing)
 .debug_str     0x0000000000000216      0x2b3 console.o
                                        0x4cc (size before relaxing)
 .debug_str     0x00000000000004c9      0x121 exec.o
                                        0x459 (size before relaxing)
 .debug_str     0x00000000000005ea       0x77 file.o
                                        0x2c8 (size before relaxing)
 .debug_str     0x0000000000000661       0xf1 fs.o
                                        0x56d (size before relaxing)
 .debug_str     0x0000000000000752       0x81 ide.o
                                        0x430 (size before relaxing)
 .debug_str     0x00000000000007d3       0x3a ioapic.o
                                        0x1b5 (size before relaxing)
 .debug_str     0x000000000000080d       0x51 kalloc.o
                                        0x1ec (size before relaxing)
 .debug_str     0x000000000000085e       0x54 kbd.o
                                        0x1cb (size before relaxing)
 .debug_str     0x00000000000008b2       0x8b lapic.o
                                        0x217 (size before relaxing)
 .debug_str     0x000000000000093d       0x8b log.o
                                        0x2f8 (size before relaxing)
 .debug_str     0x00000000000009c8       0xc0 main.o
                                        0x45e (size before relaxing)
 .debug_str     0x0000000000000a88       0xa8 mp.o
                                        0x40a (size before relaxing)
 .debug_str     0x0000000000000b30        0x9 picirq.o
                                        0x14f (size before relaxing)
 .debug_str     0x0000000000000b39       0x31 pipe.o
                                        0x42d (size before relaxing)
 .debug_str     0x0000000000000b6a       0xd3 proc.o
                                        0x50c (size before relaxing)
 .debug_str     0x0000000000000c3d        0xc sleeplock.o
                                        0x389 (size before relaxing)
 .debug_str     0x0000000000000c49        0xb spinlock.o
                                        0x38d (size before relaxing)
 .debug_str     0x0000000000000c54       0x1c string.o
                                        0x190 (size before relaxing)
 .debug_str     0x0000000000000c70        0x8 swtch.o
                                         0x32 (size before relaxing)
 .debug_str     0x0000000000000c78       0x4e syscall.o
                                        0x379 (size before relaxing)
 .debug_str     0x0000000000000cc6       0xb7 sysfile.o
                                        0x554 (size before relaxing)
 .debug_str     0x0000000000000d7d       0x81 sysproc.o
                                        0x3ff (size before relaxing)
 .debug_str     0x0000000000000dfe        0xa trapasm.o
                                         0x34 (size before relaxing)
 .debug_str     0x0000000000000e08       0x48 trap.o
                                        0x3d4 (size before relaxing)
 .debug_str     0x0000000000000e50       0x15 uart.o
                                        0x3f6 (size before relaxing)
 .debug_str     0x0000000000000e65        0xa vectors.o
                                         0x34 (size before relaxing)
 .debug_str     0x0000000000000e6f       0x73 vm.o
                                        0x48a (size before relaxing)

.debug_loc      0x0000000000000000     0x6a56
 .debug_loc     0x0000000000000000      0x126 bio.o
 .debug_loc     0x0000000000000126      0xaf9 console.o
 .debug_loc     0x0000000000000c1f      0x338 exec.o
 .debug_loc     0x0000000000000f57      0x2d0 file.o
 .debug_loc     0x0000000000001227      0xf52 fs.o
 .debug_loc     0x0000000000002179      0x4f6 ide.o
 .debug_loc     0x000000000000266f      0x15d ioapic.o
 .debug_loc     0x00000000000027cc      0x21d kalloc.o
 .debug_loc     0x00000000000029e9       0xc8 kbd.o
 .debug_loc     0x0000000000002ab1      0xac0 lapic.o
 .debug_loc     0x0000000000003571      0x257 log.o
 .debug_loc     0x00000000000037c8       0x90 main.o
 .debug_loc     0x0000000000003858      0x4ab mp.o
 .debug_loc     0x0000000000003d03       0x5c picirq.o
 .debug_loc     0x0000000000003d5f       0xb5 pipe.o
 .debug_loc     0x0000000000003e14      0x73d proc.o
 .debug_loc     0x0000000000004551       0x4e sleeplock.o
 .debug_loc     0x000000000000459f      0x237 spinlock.o
 .debug_loc     0x00000000000047d6      0x6b5 string.o
 .debug_loc     0x0000000000004e8b      0x174 syscall.o
 .debug_loc     0x0000000000004fff      0x736 sysfile.o
 .debug_loc     0x0000000000005735       0x59 sysproc.o
 .debug_loc     0x000000000000578e       0x7f trap.o
 .debug_loc     0x000000000000580d      0x344 uart.o
 .debug_loc     0x0000000000005b51      0xf05 vm.o

.debug_ranges   0x0000000000000000      0xd58
 .debug_ranges  0x0000000000000000       0x18 bio.o
 .debug_ranges  0x0000000000000018      0x100 console.o
 .debug_ranges  0x0000000000000118       0x18 file.o
 .debug_ranges  0x0000000000000130       0xc8 fs.o
 .debug_ranges  0x00000000000001f8       0xe8 ide.o
 .debug_ranges  0x00000000000002e0       0x88 ioapic.o
 .debug_ranges  0x0000000000000368       0x38 kalloc.o
 .debug_ranges  0x00000000000003a0       0x20 kbd.o
 .debug_ranges  0x00000000000003c0      0x550 lapic.o
 .debug_ranges  0x0000000000000910       0x78 log.o
 .debug_ranges  0x0000000000000988       0x18 main.o
 .debug_ranges  0x00000000000009a0       0x58 mp.o
 .debug_ranges  0x00000000000009f8       0xf0 proc.o
 .debug_ranges  0x0000000000000ae8       0x60 spinlock.o
 .debug_ranges  0x0000000000000b48       0x18 string.o
 .debug_ranges  0x0000000000000b60       0x80 sysfile.o
 .debug_ranges  0x0000000000000be0       0x20 trap.o
 .debug_ranges  0x0000000000000c00       0x58 uart.o
 .debug_ranges  0x0000000000000c58      0x100 vm.o

.comment        0x0000000000000000       0x2b
 .comment       0x0000000000000000       0x2b bio.o
                                         0x2c (size before relaxing)
 .comment       0x000000000000002b       0x2c console.o
 .comment       0x000000000000002b       0x2c exec.o
 .comment       0x000000000000002b       0x2c file.o
 .comment       0x000000000000002b       0x2c fs.o
 .comment       0x000000000000002b       0x2c ide.o
 .comment       0x000000000000002b       0x2c ioapic.o
 .comment       0x000000000000002b       0x2c kalloc.o
 .comment       0x000000000000002b       0x2c kbd.o
 .comment       0x000000000000002b       0x2c lapic.o
 .comment       0x000000000000002b       0x2c log.o
 .comment       0x000000000000002b       0x2c main.o
 .comment       0x000000000000002b       0x2c mp.o
 .comment       0x000000000000002b       0x2c picirq.o
 .comment       0x000000000000002b       0x2c pipe.o
 .comment       0x000000000000002b       0x2c proc.o
 .comment       0x000000000000002b       0x2c sleeplock.o
 .comment       0x000000000000002b       0x2c spinlock.o
 .comment       0x000000000000002b       0x2c string.o
 .comment       0x000000000000002b       0x2c syscall.o
 .comment       0x000000000000002b       0x2c sysfile.o
 .comment       0x000000000000002b       0x2c sysproc.o
 .comment       0x000000000000002b       0x2c trap.o
 .comment       0x000000000000002b       0x2c uart.o
 .comment       0x000000000000002b       0x2c vm.o
